2026-08-13 04:56:50.239 +03:00 [INF] Executed DbCommand (9ms) [Parameters=[@now='?' (DbType = DateTime), @horizon24='?' (DbType = DateTime)], CommandType='"Text"', CommandTimeout='30']
SELECT c.id, c.created_at_utc, c.created_by_id, c.department_id, c.description, c.end_utc, c.location, c.organizer_id, c.recurrence, c.reminder1h_sent_at_utc, c.reminder24h_sent_at_utc, c.start_utc, c.title, c.type, c.updated_at_utc, c.updated_by_id, e.calendar_event_id, e.member_id
FROM calendar_events AS c
LEFT JOIN event_participants AS e ON c.id = e.calendar_event_id
WHERE c.recurrence = 'None' AND c.start_utc > @now AND c.start_utc <= @horizon24 AND (c.reminder24h_sent_at_utc IS NULL OR c.reminder1h_sent_at_utc IS NULL)
ORDER BY c.id, e.calendar_event_id
2026-08-13 04:56:50.239 +03:00 [INF] Executed DbCommand (9ms) [Parameters=[@now='?' (DbType = DateTime), @horizon='?' (DbType = DateTime)], CommandType='"Text"', CommandTimeout='30']
SELECT t.id, t.created_at_utc, t.created_by_id, t.deleted_at_utc, t.department_id, t.description, t.due_at_utc, t.due_soon_notified_at_utc, t.is_deleted, t.overdue_notified_at_utc, t.priority, t.scope, t.status, t.title, t.updated_at_utc, t.updated_by_id, s.task_item_id, s.member_id, s.id
FROM tasks AS t
LEFT JOIN (
    SELECT t0.task_item_id, t0.member_id, t2.id
    FROM task_assignees AS t0
    INNER JOIN (
        SELECT t1.id, t1.is_deleted
        FROM tasks AS t1
        WHERE NOT (t1.is_deleted)
    ) AS t2 ON t0.task_item_id = t2.id
    WHERE NOT (t2.is_deleted)
) AS s ON t.id = s.task_item_id
WHERE NOT (t.is_deleted) AND t.due_at_utc IS NOT NULL AND t.due_at_utc > @now AND t.due_at_utc <= @horizon AND t.status <> 'Completed' AND t.status <> 'Cancelled' AND t.due_soon_notified_at_utc IS NULL
ORDER BY t.id, s.task_item_id, s.member_id
2026-08-13 11:55:23.115 +03:00 [INF] Executed DbCommand (33ms) [Parameters=[@now='?' (DbType = DateTime), @horizon24='?' (DbType = DateTime)], CommandType='"Text"', CommandTimeout='30']
SELECT c.id, c.created_at_utc, c.created_by_id, c.department_id, c.description, c.end_utc, c.location, c.organizer_id, c.recurrence, c.reminder1h_sent_at_utc, c.reminder24h_sent_at_utc, c.start_utc, c.title, c.type, c.updated_at_utc, c.updated_by_id, e.calendar_event_id, e.member_id
FROM calendar_events AS c
LEFT JOIN event_participants AS e ON c.id = e.calendar_event_id
WHERE c.recurrence = 'None' AND c.start_utc > @now AND c.start_utc <= @horizon24 AND (c.reminder24h_sent_at_utc IS NULL OR c.reminder1h_sent_at_utc IS NULL)
ORDER BY c.id, e.calendar_event_id
2026-08-13 11:55:23.115 +03:00 [INF] Executed DbCommand (33ms) [Parameters=[@now='?' (DbType = DateTime), @horizon='?' (DbType = DateTime)], CommandType='"Text"', CommandTimeout='30']
SELECT t.id, t.created_at_utc, t.created_by_id, t.deleted_at_utc, t.department_id, t.description, t.due_at_utc, t.due_soon_notified_at_utc, t.is_deleted, t.overdue_notified_at_utc, t.priority, t.scope, t.status, t.title, t.updated_at_utc, t.updated_by_id, s.task_item_id, s.member_id, s.id
FROM tasks AS t
LEFT JOIN (
    SELECT t0.task_item_id, t0.member_id, t2.id
    FROM task_assignees AS t0
    INNER JOIN (
        SELECT t1.id, t1.is_deleted
        FROM tasks AS t1
        WHERE NOT (t1.is_deleted)
    ) AS t2 ON t0.task_item_id = t2.id
    WHERE NOT (t2.is_deleted)
) AS s ON t.id = s.task_item_id
WHERE NOT (t.is_deleted) AND t.due_at_utc IS NOT NULL AND t.due_at_utc > @now AND t.due_at_utc <= @horizon AND t.status <> 'Completed' AND t.status <> 'Cancelled' AND t.due_soon_notified_at_utc IS NULL
ORDER BY t.id, s.task_item_id, s.member_id
2026-08-13 18:24:32.657 +03:00 [INF] Executed DbCommand (21ms) [Parameters=[@jobName='?'], CommandType='"Text"', CommandTimeout='30']
SELECT j.job_name, j.last_run_utc
FROM job_runs AS j
WHERE j.job_name = @jobName
LIMIT 1
2026-08-13 18:24:32.657 +03:00 [INF] Executed DbCommand (22ms) [Parameters=[@now='?' (DbType = DateTime), @horizon='?' (DbType = DateTime)], CommandType='"Text"', CommandTimeout='30']
SELECT t.id, t.created_at_utc, t.created_by_id, t.deleted_at_utc, t.department_id, t.description, t.due_at_utc, t.due_soon_notified_at_utc, t.is_deleted, t.overdue_notified_at_utc, t.priority, t.scope, t.status, t.title, t.updated_at_utc, t.updated_by_id, s.task_item_id, s.member_id, s.id
FROM tasks AS t
LEFT JOIN (
    SELECT t0.task_item_id, t0.member_id, t2.id
    FROM task_assignees AS t0
    INNER JOIN (
        SELECT t1.id, t1.is_deleted
        FROM tasks AS t1
        WHERE NOT (t1.is_deleted)
    ) AS t2 ON t0.task_item_id = t2.id
    WHERE NOT (t2.is_deleted)
) AS s ON t.id = s.task_item_id
WHERE NOT (t.is_deleted) AND t.due_at_utc IS NOT NULL AND t.due_at_utc > @now AND t.due_at_utc <= @horizon AND t.status <> 'Completed' AND t.status <> 'Cancelled' AND t.due_soon_notified_at_utc IS NULL
ORDER BY t.id, s.task_item_id, s.member_id
2026-08-13 18:24:32.657 +03:00 [INF] Executed DbCommand (22ms) [Parameters=[@now='?' (DbType = DateTime), @horizon24='?' (DbType = DateTime)], CommandType='"Text"', CommandTimeout='30']
SELECT c.id, c.created_at_utc, c.created_by_id, c.department_id, c.description, c.end_utc, c.location, c.organizer_id, c.recurrence, c.reminder1h_sent_at_utc, c.reminder24h_sent_at_utc, c.start_utc, c.title, c.type, c.updated_at_utc, c.updated_by_id, e.calendar_event_id, e.member_id
FROM calendar_events AS c
LEFT JOIN event_participants AS e ON c.id = e.calendar_event_id
WHERE c.recurrence = 'None' AND c.start_utc > @now AND c.start_utc <= @horizon24 AND (c.reminder24h_sent_at_utc IS NULL OR c.reminder1h_sent_at_utc IS NULL)
ORDER BY c.id, e.calendar_event_id
2026-08-13 18:24:32.657 +03:00 [INF] Executed DbCommand (22ms) [Parameters=[@now='?' (DbType = DateTime)], CommandType='"Text"', CommandTimeout='30']
SELECT t.id, t.created_at_utc, t.created_by_id, t.deleted_at_utc, t.department_id, t.description, t.due_at_utc, t.due_soon_notified_at_utc, t.is_deleted, t.overdue_notified_at_utc, t.priority, t.scope, t.status, t.title, t.updated_at_utc, t.updated_by_id, s.task_item_id, s.member_id, s.id
FROM tasks AS t
LEFT JOIN (
    SELECT t0.task_item_id, t0.member_id, t2.id
    FROM task_assignees AS t0
    INNER JOIN (
        SELECT t1.id, t1.is_deleted
        FROM tasks AS t1
        WHERE NOT (t1.is_deleted)
    ) AS t2 ON t0.task_item_id = t2.id
    WHERE NOT (t2.is_deleted)
) AS s ON t.id = s.task_item_id
WHERE NOT (t.is_deleted) AND t.due_at_utc IS NOT NULL AND t.due_at_utc < @now AND t.status <> 'Completed' AND t.status <> 'Cancelled' AND t.overdue_notified_at_utc IS NULL
ORDER BY t.id, s.task_item_id, s.member_id
2026-08-13 22:30:38.362 +03:00 [INF] Executed DbCommand (19ms) [Parameters=[@now='?' (DbType = DateTime), @horizon24='?' (DbType = DateTime)], CommandType='"Text"', CommandTimeout='30']
SELECT c.id, c.created_at_utc, c.created_by_id, c.department_id, c.description, c.end_utc, c.location, c.organizer_id, c.recurrence, c.reminder1h_sent_at_utc, c.reminder24h_sent_at_utc, c.start_utc, c.title, c.type, c.updated_at_utc, c.updated_by_id, e.calendar_event_id, e.member_id
FROM calendar_events AS c
LEFT JOIN event_participants AS e ON c.id = e.calendar_event_id
WHERE c.recurrence = 'None' AND c.start_utc > @now AND c.start_utc <= @horizon24 AND (c.reminder24h_sent_at_utc IS NULL OR c.reminder1h_sent_at_utc IS NULL)
ORDER BY c.id, e.calendar_event_id
2026-08-13 22:30:38.362 +03:00 [INF] Executed DbCommand (19ms) [Parameters=[@now='?' (DbType = DateTime), @horizon='?' (DbType = DateTime)], CommandType='"Text"', CommandTimeout='30']
SELECT t.id, t.created_at_utc, t.created_by_id, t.deleted_at_utc, t.department_id, t.description, t.due_at_utc, t.due_soon_notified_at_utc, t.is_deleted, t.overdue_notified_at_utc, t.priority, t.scope, t.status, t.title, t.updated_at_utc, t.updated_by_id, s.task_item_id, s.member_id, s.id
FROM tasks AS t
LEFT JOIN (
    SELECT t0.task_item_id, t0.member_id, t2.id
    FROM task_assignees AS t0
    INNER JOIN (
        SELECT t1.id, t1.is_deleted
        FROM tasks AS t1
        WHERE NOT (t1.is_deleted)
    ) AS t2 ON t0.task_item_id = t2.id
    WHERE NOT (t2.is_deleted)
) AS s ON t.id = s.task_item_id
WHERE NOT (t.is_deleted) AND t.due_at_utc IS NOT NULL AND t.due_at_utc > @now AND t.due_at_utc <= @horizon AND t.status <> 'Completed' AND t.status <> 'Cancelled' AND t.due_soon_notified_at_utc IS NULL
ORDER BY t.id, s.task_item_id, s.member_id
